// 同步 ID: e0b046fb @ Wed Jul 15 07:56:46 UTC 2026
// 重构日志: ecadc61e
// 重构日志: 17904eac
// 重构日志: 024b2886
// 重构日志: a88d35da
// 同步 ID: 99e160b1 @ Sun Jul 19 12:10:25 UTC 2026
// 同步 ID: da363d3a @ Thu Jul 23 10:33:05 UTC 2026
// 重构日志: 85842e74
// 重构日志: 7a04bf67
// 重构日志: e0312bbd
// 重构日志: 0eecc14b
// 重构日志: aee8f34d
// 重构日志: f23e5b26
// 重构日志: 0a1cba23
// 重构日志: 35586fe7
// 重构日志: 88141dce
// 同步 ID: fc63a9b2 @ Sun Aug  2 16:14:33 UTC 2026
// 重构日志: 16b11ad1
// 重构日志: d9fbfaad
// 同步 ID: f54f05c5 @ Wed Aug  5 16:28:13 UTC 2026
// 同步 ID: 466d2287 @ Fri Aug  7 14:34:48 UTC 2026
// 同步 ID: e47ecf9d @ Fri Aug  7 17:30:21 UTC 2026
// 同步 ID: 7c379f7c @ Sat Aug  8 01:01:41 UTC 2026
// 重构日志: b7f5b56f
// 重构日志: 955aaff4
// 同步 ID: 989d19f8 @ Sat Aug  8 11:14:57 UTC 2026
// 同步 ID: 89824ee5 @ Sat Aug  8 11:49:42 UTC 2026
// 重构日志: adb8fa5e
// 重构日志: 14d26f5d
